.sss
----------------------------------------------------------------------
Ran 4 tests in 0.001s

OK (skipped=3)
